// Vitest Snapshot v1, https://vitest.dev/guide/snapshot.html

exports[`Injections | JS > gjs / template tag > a setTimeout exists above the template 1`] = `
"const demo <span class=\\"hljs-operator\\">=</span> new Demo();

setTimeout(() <span class=\\"hljs-operator\\">=</span>&gt; { 
  demo.theProperty <span class=\\"hljs-operator\\">=</span> 2; 
}, 500);

<span class=\\"hljs-tag\\">&lt;<span class=\\"hljs-title\\">template</span>&gt;</span>
  <span class=\\"hljs-punctuation mustache\\">{{<span class=\\"hljs-title\\">demo</span><span class=\\"hljs-punctuation\\">.</span><span class=\\"hljs-title\\">theProperty</span>}}</span>
<span class=\\"hljs-tag\\">&lt;/<span class=\\"hljs-title\\">tepmlate</span>&gt;</span>"
`;

exports[`Injections | JS > gjs / template tag > is embedded in a class 1`] = `
"<span class=\\"hljs-keyword\\">import</span>
<span class=\\"hljs-title class_\\">Component</span>
<span class=\\"hljs-keyword\\">from</span>
<span class=\\"hljs-string\\">&#x27;@glimmer/component&#x27;</span>
;
<span class=\\"hljs-keyword\\">import</span>
{ gt, lt }
<span class=\\"hljs-keyword\\">from</span>
<span class=\\"hljs-string\\">&#x27;@glimmer/helper&#x27;</span>
;

<span class=\\"hljs-keyword\\">export</span>
<span class=\\"hljs-keyword\\">default</span>
<span class=\\"hljs-keyword\\">class</span>
<span class=\\"hljs-title class_\\">WeatherSummary</span>
<span class=\\"hljs-keyword\\">extends</span>
<span class=\\"hljs-title class_ inherited__\\">Component</span>
{ @tracked currentTemp; interval; getWeather =
<span class=\\"hljs-function\\">() =&gt;</span>
{
<span class=\\"hljs-variable language_\\">this</span>
.
<span class=\\"hljs-property\\">currentTemp</span>
=
<span class=\\"hljs-comment\\">// something</span>
}

<span class=\\"hljs-title function_\\">constructor</span>
(
<span class=\\"hljs-params\\">owner, args</span>
) {
<span class=\\"hljs-variable language_\\">super</span>
(owner, args);
<span class=\\"hljs-variable language_\\">this</span>
.
<span class=\\"hljs-property\\">interval</span>
=
<span class=\\"hljs-built_in\\">setInterval</span>
(
<span class=\\"hljs-variable language_\\">this</span>
.
<span class=\\"hljs-property\\">getWeather</span>
,
<span class=\\"hljs-number\\">10000</span>
); }

<span class=\\"hljs-title function_\\">willDestroy</span>
(
<span class=\\"hljs-params\\"></span>
) {
<span class=\\"hljs-variable language_\\">super</span>
.
<span class=\\"hljs-title function_\\">willDestroy</span>
();
<span class=\\"hljs-built_in\\">clearInterval</span>
(
<span class=\\"hljs-variable language_\\">this</span>
.
<span class=\\"hljs-property\\">interval</span>
); }

<span class=\\"language-glimmer\\">
  <span class=\\"hljs-tag\\">
    &lt;
    <span class=\\"hljs-title\\">template</span>
    &gt;
  </span>
  <span class=\\"hljs-tag\\">
    &lt;
    <span class=\\"hljs-title\\">p</span>
    &gt;
  </span>
  The current temperature is
  <span class=\\"hljs-punctuation mustache\\">
    {{
    <span class=\\"hljs-class\\">this</span>
    <span class=\\"hljs-punctuation\\">.</span>
    <span class=\\"hljs-property\\">currentTemp</span>
    }}
  </span>
  !
  <span class=\\"hljs-punctuation mustache\\">
    {{#
    <span class=\\"hljs-title\\"><span class=\\"hljs-built_in\\">if</span></span>
    <span class=\\"hljs-punctuation\\">(</span>
    <span class=\\"hljs-title\\">lt</span>
    <span class=\\"hljs-number\\">50</span>
    <span class=\\"hljs-class\\">this</span>
    <span class=\\"hljs-punctuation\\">.</span>
    <span class=\\"hljs-property\\">currentTemp)</span>
    }}
  </span>
  Brr! ðŸ¥¶
  <span class=\\"hljs-punctuation mustache\\">
    {{
    <span class=\\"hljs-title\\"><span class=\\"hljs-built_in\\">else</span></span>
    <span class=\\"hljs-title\\"><span class=\\"hljs-built_in\\">if</span></span>
    <span class=\\"hljs-punctuation\\">(</span>
    <span class=\\"hljs-title\\"><span class=\\"hljs-function\\">gt</span></span>
    <span class=\\"hljs-number\\">80</span>
    <span class=\\"hljs-class\\">this</span>
    <span class=\\"hljs-punctuation\\">.</span>
    <span class=\\"hljs-property\\">currentTemp)</span>
    }}
  </span>
  Yikes! ðŸ¥µ
  <span class=\\"hljs-punctuation mustache\\">
    {{/
    <span class=\\"hljs-title\\"><span class=\\"hljs-built_in\\">if</span></span>
    }}
  </span>
  <span class=\\"hljs-tag\\">
    &lt;/
    <span class=\\"hljs-title\\">p</span>
    &gt;
  </span>
  <span class=\\"hljs-tag\\">
    &lt;/
    <span class=\\"hljs-title\\">template</span>
    &gt;
  </span>
</span>
}
"
`;

exports[`Injections | JS > gjs / template tag > multiple components 1`] = `
"<span class=\\"hljs-keyword\\">import</span>
<span class=\\"hljs-title class_\\">WeatherSummary</span>
<span class=\\"hljs-keyword\\">from</span>
<span class=\\"hljs-string\\">&#x27;./weather-summary.js&#x27;</span>
;

<span class=\\"hljs-keyword\\">const</span>
<span class=\\"hljs-title class_\\">Greeting</span>
=
<span class=\\"language-glimmer\\">
  <span class=\\"hljs-tag\\">
    &lt;
    <span class=\\"hljs-title\\">template</span>
    &gt;
  </span>
  <span class=\\"hljs-tag\\">
    &lt;
    <span class=\\"hljs-title\\">p</span>
    &gt;
  </span>
  Hello,
  <span class=\\"hljs-punctuation mustache\\">
    {{
    <span class=\\"hljs-punctuation\\">@</span>
    <span class=\\"hljs-params\\">name</span>
    }}
  </span>
  !
  <span class=\\"hljs-tag\\">
    &lt;/
    <span class=\\"hljs-title\\">p</span>
    &gt;
  </span>
  <span class=\\"hljs-tag\\">
    &lt;/
    <span class=\\"hljs-title\\">template</span>
    &gt;
  </span>
</span>
;

<span class=\\"hljs-keyword\\">function</span>
<span class=\\"hljs-title function_\\">isBirthday</span>
(
<span class=\\"hljs-params\\">dateOfBirth</span>
) {
<span class=\\"hljs-keyword\\">const</span>
now =
<span class=\\"hljs-keyword\\">new</span>
<span class=\\"hljs-title class_\\">Date</span>
();
<span class=\\"hljs-keyword\\">return</span>
( dateOfBirth.
<span class=\\"hljs-title function_\\">getDate</span>
() === now.
<span class=\\"hljs-title function_\\">getDate</span>
() &amp;&amp; dateOfBirth.
<span class=\\"hljs-title function_\\">getMonth</span>
() === now.
<span class=\\"hljs-title function_\\">getMonth</span>
() ); }

<span class=\\"language-glimmer\\">
  <span class=\\"hljs-tag\\">
    &lt;
    <span class=\\"hljs-title\\">template</span>
    &gt;
  </span>
  <span class=\\"hljs-tag\\">
    &lt;
    <span class=\\"hljs-title\\">div</span>
    &gt;
  </span>
  <span class=\\"hljs-tag\\">
    &lt;
    <span class=\\"hljs-title\\">Greeting</span>
    <span class=\\"hljs-punctuation\\">@</span>
    <span class=\\"hljs-params\\">name</span>
    <span class=\\"hljs-operator\\">=</span>
    <span class=\\"hljs-string\\">&quot;Chris&quot;</span>
    /&gt;
  </span>
  <span class=\\"hljs-punctuation mustache\\">
    {{#
    <span class=\\"hljs-title\\"><span class=\\"hljs-built_in\\">if</span></span>
    <span class=\\"hljs-punctuation\\">(</span>
    <span class=\\"hljs-title\\">isBirthday</span>
    <span class=\\"hljs-punctuation\\">@</span>
    <span class=\\"hljs-params\\">user</span>
    <span class=\\"hljs-punctuation\\">.</span>
    <span class=\\"hljs-title\\">dateOfBirth</span>
    <span class=\\"hljs-punctuation\\">)</span>
    }}
  </span>
  <span class=\\"hljs-tag\\">
    &lt;
    <span class=\\"hljs-title\\">Celebration</span>
    <span class=\\"hljs-attribute\\">type</span>
    <span class=\\"hljs-operator\\">=</span>
    <span class=\\"hljs-string\\">&#x27;birthday&#x27;</span>
    /&gt;
  </span>
  <span class=\\"hljs-punctuation mustache\\">
    {{/
    <span class=\\"hljs-title\\"><span class=\\"hljs-built_in\\">if</span></span>
    }}
  </span>
  <span class=\\"hljs-tag\\">
    &lt;
    <span class=\\"hljs-title\\">WeatherSummary</span>
    /&gt;
  </span>
  <span class=\\"hljs-tag\\">
    &lt;/
    <span class=\\"hljs-title\\">div</span>
    &gt;
  </span>
  <span class=\\"hljs-tag\\">
    &lt;/
    <span class=\\"hljs-title\\">template</span>
    &gt;
  </span>
</span>
"
`;
